// Vitest Snapshot v1, https://vitest.dev/guide/snapshot.html

exports[`KASI 2027 24-term boundary regression > records per-term delta snapshot for review 1`] = `
[
  {
    "computedUtcIso": "2027-01-05T14:09:51.833Z",
    "degree": 285,
    "deltaMinutes": -0.136,
    "expectedKstIso": "2027-01-05T23:10:00+09:00",
    "hanja": "小寒",
    "korean": "소한",
    "withinAspirational": true,
  },
  {
    "computedUtcIso": "2027-01-20T07:29:57.034Z",
    "degree": 300,
    "deltaMinutes": -0.049,
    "expectedKstIso": "2027-01-20T16:30:00+09:00",
    "hanja": "大寒",
    "korean": "대한",
    "withinAspirational": true,
  },
  {
    "computedUtcIso": "2027-02-04T01:46:32.395Z",
    "degree": 315,
    "deltaMinutes": 0.54,
    "expectedKstIso": "2027-02-04T10:46:00+09:00",
    "hanja": "立春",
    "korean": "입춘",
    "withinAspirational": true,
  },
  {
    "computedUtcIso": "2027-02-18T21:33:44.670Z",
    "degree": 330,
    "deltaMinutes": 0.745,
    "expectedKstIso": "2027-02-19T06:33:00+09:00",
    "hanja": "雨水",
    "korean": "우수",
    "withinAspirational": true,
  },
  {
    "computedUtcIso": "2027-03-05T19:39:37.112Z",
    "degree": 345,
    "deltaMinutes": -0.381,
    "expectedKstIso": "2027-03-06T04:40:00+09:00",
    "hanja": "驚蟄",
    "korean": "경칩",
    "withinAspirational": true,
  },
  {
    "computedUtcIso": "2027-03-20T20:24:36.453Z",
    "degree": 0,
    "deltaMinutes": -0.392,
    "expectedKstIso": "2027-03-21T05:25:00+09:00",
    "hanja": "春分",
    "korean": "춘분",
    "withinAspirational": true,
  },
  {
    "computedUtcIso": "2027-04-05T00:17:04.695Z",
    "degree": 15,
    "deltaMinutes": 0.078,
    "expectedKstIso": "2027-04-05T09:17:00+09:00",
    "hanja": "淸明",
    "korean": "청명",
    "withinAspirational": true,
  },
  {
    "computedUtcIso": "2027-04-20T07:17:01.838Z",
    "degree": 30,
    "deltaMinutes": -0.969,
    "expectedKstIso": "2027-04-20T16:18:00+09:00",
    "hanja": "穀雨",
    "korean": "곡우",
    "withinAspirational": true,
  },
  {
    "computedUtcIso": "2027-05-05T17:24:26.565Z",
    "degree": 45,
    "deltaMinutes": -0.557,
    "expectedKstIso": "2027-05-06T02:25:00+09:00",
    "hanja": "立夏",
    "korean": "입하",
    "withinAspirational": true,
  },
  {
    "computedUtcIso": "2027-05-21T06:17:39.631Z",
    "degree": 60,
    "deltaMinutes": -0.339,
    "expectedKstIso": "2027-05-21T15:18:00+09:00",
    "hanja": "小滿",
    "korean": "소만",
    "withinAspirational": true,
  },
  {
    "computedUtcIso": "2027-06-05T21:25:28.967Z",
    "degree": 75,
    "deltaMinutes": -0.517,
    "expectedKstIso": "2027-06-06T06:26:00+09:00",
    "hanja": "芒種",
    "korean": "망종",
    "withinAspirational": true,
  },
  {
    "computedUtcIso": "2027-06-21T14:10:50.500Z",
    "degree": 90,
    "deltaMinutes": -0.158,
    "expectedKstIso": "2027-06-21T23:11:00+09:00",
    "hanja": "夏至",
    "korean": "하지",
    "withinAspirational": true,
  },
  {
    "computedUtcIso": "2027-07-07T07:37:22.639Z",
    "degree": 105,
    "deltaMinutes": 0.377,
    "expectedKstIso": "2027-07-07T16:37:00+09:00",
    "hanja": "小暑",
    "korean": "소서",
    "withinAspirational": true,
  },
  {
    "computedUtcIso": "2027-07-23T01:05:01.355Z",
    "degree": 120,
    "deltaMinutes": 0.023,
    "expectedKstIso": "2027-07-23T10:05:00+09:00",
    "hanja": "大暑",
    "korean": "대서",
    "withinAspirational": true,
  },
  {
    "computedUtcIso": "2027-08-07T17:27:05.427Z",
    "degree": 135,
    "deltaMinutes": 0.09,
    "expectedKstIso": "2027-08-08T02:27:00+09:00",
    "hanja": "立秋",
    "korean": "입추",
    "withinAspirational": true,
  },
  {
    "computedUtcIso": "2027-08-23T08:14:26.711Z",
    "degree": 150,
    "deltaMinutes": 0.445,
    "expectedKstIso": "2027-08-23T17:14:00+09:00",
    "hanja": "處暑",
    "korean": "처서",
    "withinAspirational": true,
  },
  {
    "computedUtcIso": "2027-09-07T20:28:26.506Z",
    "degree": 165,
    "deltaMinutes": 0.442,
    "expectedKstIso": "2027-09-08T05:28:00+09:00",
    "hanja": "白露",
    "korean": "백로",
    "withinAspirational": true,
  },
  {
    "computedUtcIso": "2027-09-23T06:01:25.364Z",
    "degree": 180,
    "deltaMinutes": -0.577,
    "expectedKstIso": "2027-09-23T15:02:00+09:00",
    "hanja": "秋分",
    "korean": "추분",
    "withinAspirational": true,
  },
  {
    "computedUtcIso": "2027-10-08T12:16:36.350Z",
    "degree": 195,
    "deltaMinutes": -0.394,
    "expectedKstIso": "2027-10-08T21:17:00+09:00",
    "hanja": "寒露",
    "korean": "한로",
    "withinAspirational": true,
  },
  {
    "computedUtcIso": "2027-10-23T15:32:11.726Z",
    "degree": 210,
    "deltaMinutes": -0.805,
    "expectedKstIso": "2027-10-24T00:33:00+09:00",
    "hanja": "霜降",
    "korean": "상강",
    "withinAspirational": true,
  },
  {
    "computedUtcIso": "2027-11-07T15:37:46.589Z",
    "degree": 225,
    "deltaMinutes": -1.224,
    "expectedKstIso": "2027-11-08T00:39:00+09:00",
    "hanja": "立冬",
    "korean": "입동",
    "withinAspirational": true,
  },
  {
    "computedUtcIso": "2027-11-22T13:15:26.917Z",
    "degree": 240,
    "deltaMinutes": -0.551,
    "expectedKstIso": "2027-11-22T22:16:00+09:00",
    "hanja": "小雪",
    "korean": "소설",
    "withinAspirational": true,
  },
  {
    "computedUtcIso": "2027-12-07T08:37:00.007Z",
    "degree": 255,
    "deltaMinutes": -1,
    "expectedKstIso": "2027-12-07T17:38:00+09:00",
    "hanja": "大雪",
    "korean": "대설",
    "withinAspirational": true,
  },
  {
    "computedUtcIso": "2027-12-22T02:41:44.773Z",
    "degree": 270,
    "deltaMinutes": -0.254,
    "expectedKstIso": "2027-12-22T11:42:00+09:00",
    "hanja": "冬至",
    "korean": "동지",
    "withinAspirational": true,
  },
]
`;

exports[`KASI 2027 24-term boundary regression > reports how many terms meet the ±2 min aspirational tolerance 1`] = `
{
  "maxAbsDeltaMinutes": 1.224,
  "meetingAspirational": 24,
  "totalTerms": 24,
}
`;

exports[`KASI 2027 24-term boundary regression — solarPrecision modes > records max abs delta per precision mode (snapshot, expect monotonic improvement) 1`] = `
{
  "classical": 1.224,
  "iau1980_full": 0.711,
  "iau1980_top10": 0.7,
}
`;
